philip@tenofdiamonds:~/code/u$ 
philip@tenofdiamonds:~/code/u$ cd ..
philip@tenofdiamonds:~/code$ pycharm-professional 
	#
# A fatal error has been detected by the Java Runtime Environment:
#
#  SIGSEGV (0xb) at pc=0x00007f920d57d1c7, pid=20780, tid=0x00007f920c1ef700
#
# JRE version: OpenJDK Runtime Environment (8.0_152-b08) (build 1.8.0_152-release-1024-b8)
# Java VM: OpenJDK 64-Bit Server VM (25.152-b8 mixed mode linux-amd64 compressed oops)
# Problematic frame:
# V  [libjvm.so+0x61e1c7]  void ParScanClosure::do_oop_work<unsigned int>(unsigned int*, bool, bool)+0xf7
#
# Failed to write core dump. Core dumps have been disabled. To enable core dumping, try "ulimit -c unlimited" before starting Java again
#
# An error report file with more information is saved as:
# /home/philip/java_error_in_PYCHARM_20780.log
#
# If you would like to submit a bug report, please visit:
#   http://bugreport.java.com/bugreport/crash.jsp
#
Aborted (core dumped)
philip@tenofdiamonds:~/code$ ulimit -c unlimited
philip@tenofdiamonds:~/code$ ulimit --help
bash: ulimit: --: invalid option
ulimit: usage: ulimit [-SHabcdefilmnpqrstuvxT] [limit]
philip@tenofdiamonds:~/code$ ulimit -h
bash: ulimit: -h: invalid option
ulimit: usage: ulimit [-SHabcdefilmnpqrstuvxT] [limit]
philip@tenofdiamonds:~/code$ ulimit help
bash: ulimit: help: invalid number
philip@tenofdiamonds:~/code$ man ulimit
philip@tenofdiamonds:~/code$ ulimit -c unlimited

